mode: atomic
github.com/MamangRust/monolith-point-of-sale-pkg/database/gorm.go:19.69,21.46 2 0
github.com/MamangRust/monolith-point-of-sale-pkg/database/gorm.go:21.46,24.3 2 0
github.com/MamangRust/monolith-point-of-sale-pkg/database/gorm.go:26.2,36.23 3 0
github.com/MamangRust/monolith-point-of-sale-pkg/database/gorm.go:36.23,38.3 1 0
github.com/MamangRust/monolith-point-of-sale-pkg/database/gorm.go:40.2,41.23 2 0
github.com/MamangRust/monolith-point-of-sale-pkg/database/gorm.go:41.23,43.3 1 0
github.com/MamangRust/monolith-point-of-sale-pkg/database/gorm.go:45.2,46.26 2 0
github.com/MamangRust/monolith-point-of-sale-pkg/database/gorm.go:46.26,48.3 1 0
github.com/MamangRust/monolith-point-of-sale-pkg/database/gorm.go:50.2,51.26 2 0
github.com/MamangRust/monolith-point-of-sale-pkg/database/gorm.go:51.26,53.3 1 0
github.com/MamangRust/monolith-point-of-sale-pkg/database/gorm.go:55.2,56.24 2 0
github.com/MamangRust/monolith-point-of-sale-pkg/database/gorm.go:56.24,58.3 1 0
github.com/MamangRust/monolith-point-of-sale-pkg/database/gorm.go:60.2,64.16 2 0
github.com/MamangRust/monolith-point-of-sale-pkg/database/gorm.go:64.16,67.3 2 0
github.com/MamangRust/monolith-point-of-sale-pkg/database/gorm.go:69.2,70.16 2 0
github.com/MamangRust/monolith-point-of-sale-pkg/database/gorm.go:70.16,73.3 2 0
github.com/MamangRust/monolith-point-of-sale-pkg/database/gorm.go:75.2,80.37 5 0
github.com/MamangRust/monolith-point-of-sale-pkg/database/gorm.go:80.37,83.3 2 0
github.com/MamangRust/monolith-point-of-sale-pkg/database/gorm.go:85.2,93.20 2 0
github.com/MamangRust/monolith-point-of-sale-pkg/database/gorm.go:104.101,106.2 1 0
github.com/MamangRust/monolith-point-of-sale-pkg/database/gorm.go:108.81,110.2 1 0
github.com/MamangRust/monolith-point-of-sale-pkg/database/gorm.go:112.88,114.2 1 0
github.com/MamangRust/monolith-point-of-sale-pkg/database/gorm.go:116.88,118.2 1 0
github.com/MamangRust/monolith-point-of-sale-pkg/database/gorm.go:120.89,122.2 1 0
github.com/MamangRust/monolith-point-of-sale-pkg/database/gorm.go:124.107,127.9 2 0
github.com/MamangRust/monolith-point-of-sale-pkg/database/gorm.go:128.61,135.4 2 0
github.com/MamangRust/monolith-point-of-sale-pkg/database/gorm.go:136.56,143.4 2 0
github.com/MamangRust/monolith-point-of-sale-pkg/database/gormtx/tx.go:14.82,15.65 1 0
github.com/MamangRust/monolith-point-of-sale-pkg/database/gormtx/tx.go:15.65,16.32 1 0
github.com/MamangRust/monolith-point-of-sale-pkg/database/gormtx/tx.go:16.32,18.4 1 0
github.com/MamangRust/monolith-point-of-sale-pkg/database/gormtx/tx.go:19.3,19.13 1 0
github.com/MamangRust/monolith-point-of-sale-pkg/database/models/models.go:23.32,23.50 1 0
github.com/MamangRust/monolith-point-of-sale-pkg/database/models/models.go:34.32,34.50 1 0
github.com/MamangRust/monolith-point-of-sale-pkg/database/models/models.go:46.36,46.59 1 0
github.com/MamangRust/monolith-point-of-sale-pkg/database/models/models.go:59.40,59.67 1 0
github.com/MamangRust/monolith-point-of-sale-pkg/database/models/models.go:69.38,69.63 1 0
github.com/MamangRust/monolith-point-of-sale-pkg/database/models/models.go:86.36,86.58 1 0
github.com/MamangRust/monolith-point-of-sale-pkg/database/models/models.go:102.44,102.75 1 0
github.com/MamangRust/monolith-point-of-sale-pkg/database/models/models.go:115.35,115.56 1 0
github.com/MamangRust/monolith-point-of-sale-pkg/database/models/models.go:128.36,128.59 1 0
github.com/MamangRust/monolith-point-of-sale-pkg/database/models/models.go:149.35,149.56 1 0
github.com/MamangRust/monolith-point-of-sale-pkg/database/models/models.go:162.33,162.52 1 0
github.com/MamangRust/monolith-point-of-sale-pkg/database/models/models.go:176.37,176.61 1 0
github.com/MamangRust/monolith-point-of-sale-pkg/database/models/models.go:192.39,192.64 1 0
github.com/MamangRust/monolith-point-of-sale-pkg/database/models/models.go:207.39,207.65 1 0
github.com/MamangRust/monolith-point-of-sale-pkg/database/models/models.go:225.41,225.68 1 0
github.com/MamangRust/monolith-point-of-sale-pkg/database/gormerr/errors.go:11.39,13.2 1 0
github.com/MamangRust/monolith-point-of-sale-pkg/database/gormerr/errors.go:19.37,21.2 1 0
github.com/MamangRust/monolith-point-of-sale-pkg/database/seeder/cashier.go:21.103,27.2 1 0
github.com/MamangRust/monolith-point-of-sale-pkg/database/seeder/cashier.go:29.38,35.38 2 0
github.com/MamangRust/monolith-point-of-sale-pkg/database/seeder/cashier.go:35.38,38.3 2 0
github.com/MamangRust/monolith-point-of-sale-pkg/database/seeder/cashier.go:40.2,45.34 2 0
github.com/MamangRust/monolith-point-of-sale-pkg/database/seeder/cashier.go:45.34,48.3 2 0
github.com/MamangRust/monolith-point-of-sale-pkg/database/seeder/cashier.go:50.2,50.44 1 0
github.com/MamangRust/monolith-point-of-sale-pkg/database/seeder/cashier.go:50.44,53.3 2 0
github.com/MamangRust/monolith-point-of-sale-pkg/database/seeder/cashier.go:55.2,55.27 1 0
github.com/MamangRust/monolith-point-of-sale-pkg/database/seeder/cashier.go:55.27,67.71 5 0
github.com/MamangRust/monolith-point-of-sale-pkg/database/seeder/cashier.go:67.71,70.4 2 0
github.com/MamangRust/monolith-point-of-sale-pkg/database/seeder/cashier.go:74.2,75.12 2 0
github.com/MamangRust/monolith-point-of-sale-pkg/database/seeder/category.go:20.105,26.2 1 0
github.com/MamangRust/monolith-point-of-sale-pkg/database/seeder/category.go:28.39,41.26 3 0
github.com/MamangRust/monolith-point-of-sale-pkg/database/seeder/category.go:41.26,52.72 5 0
github.com/MamangRust/monolith-point-of-sale-pkg/database/seeder/category.go:52.72,55.4 2 0
github.com/MamangRust/monolith-point-of-sale-pkg/database/seeder/category.go:56.3,56.72 1 0
github.com/MamangRust/monolith-point-of-sale-pkg/database/seeder/category.go:59.2,60.12 2 0
github.com/MamangRust/monolith-point-of-sale-pkg/database/seeder/merchant.go:20.105,26.2 1 0
github.com/MamangRust/monolith-point-of-sale-pkg/database/seeder/merchant.go:28.39,34.34 2 0
github.com/MamangRust/monolith-point-of-sale-pkg/database/seeder/merchant.go:34.34,37.3 2 0
github.com/MamangRust/monolith-point-of-sale-pkg/database/seeder/merchant.go:39.2,39.27 1 0
github.com/MamangRust/monolith-point-of-sale-pkg/database/seeder/merchant.go:39.27,52.72 3 0
github.com/MamangRust/monolith-point-of-sale-pkg/database/seeder/merchant.go:52.72,55.4 2 0
github.com/MamangRust/monolith-point-of-sale-pkg/database/seeder/merchant.go:58.2,59.12 2 0
github.com/MamangRust/monolith-point-of-sale-pkg/database/seeder/order.go:20.99,26.2 1 0
github.com/MamangRust/monolith-point-of-sale-pkg/database/seeder/order.go:28.36,34.38 2 0
github.com/MamangRust/monolith-point-of-sale-pkg/database/seeder/order.go:34.38,37.3 2 0
github.com/MamangRust/monolith-point-of-sale-pkg/database/seeder/order.go:39.2,44.37 2 0
github.com/MamangRust/monolith-point-of-sale-pkg/database/seeder/order.go:44.37,47.3 2 0
github.com/MamangRust/monolith-point-of-sale-pkg/database/seeder/order.go:49.2,49.47 1 0
github.com/MamangRust/monolith-point-of-sale-pkg/database/seeder/order.go:49.47,52.3 2 0
github.com/MamangRust/monolith-point-of-sale-pkg/database/seeder/order.go:54.2,54.26 1 0
github.com/MamangRust/monolith-point-of-sale-pkg/database/seeder/order.go:54.26,65.69 5 0
github.com/MamangRust/monolith-point-of-sale-pkg/database/seeder/order.go:65.69,68.4 2 0
github.com/MamangRust/monolith-point-of-sale-pkg/database/seeder/order.go:70.3,78.38 3 0
github.com/MamangRust/monolith-point-of-sale-pkg/database/seeder/order.go:78.38,81.4 2 0
github.com/MamangRust/monolith-point-of-sale-pkg/database/seeder/order.go:83.3,83.25 1 0
github.com/MamangRust/monolith-point-of-sale-pkg/database/seeder/order.go:83.25,85.12 2 0
github.com/MamangRust/monolith-point-of-sale-pkg/database/seeder/order.go:88.3,88.39 1 0
github.com/MamangRust/monolith-point-of-sale-pkg/database/seeder/order.go:88.39,100.74 5 0
github.com/MamangRust/monolith-point-of-sale-pkg/database/seeder/order.go:100.74,103.5 2 0
github.com/MamangRust/monolith-point-of-sale-pkg/database/seeder/order.go:107.2,108.12 2 0
github.com/MamangRust/monolith-point-of-sale-pkg/database/seeder/product.go:21.103,27.2 1 0
github.com/MamangRust/monolith-point-of-sale-pkg/database/seeder/product.go:29.38,35.38 2 0
github.com/MamangRust/monolith-point-of-sale-pkg/database/seeder/product.go:35.38,38.3 2 0
github.com/MamangRust/monolith-point-of-sale-pkg/database/seeder/product.go:40.2,45.39 2 0
github.com/MamangRust/monolith-point-of-sale-pkg/database/seeder/product.go:45.39,48.3 2 0
github.com/MamangRust/monolith-point-of-sale-pkg/database/seeder/product.go:50.2,50.49 1 0
github.com/MamangRust/monolith-point-of-sale-pkg/database/seeder/product.go:50.49,53.3 2 0
github.com/MamangRust/monolith-point-of-sale-pkg/database/seeder/product.go:55.2,65.26 4 0
github.com/MamangRust/monolith-point-of-sale-pkg/database/seeder/product.go:65.26,91.71 12 0
github.com/MamangRust/monolith-point-of-sale-pkg/database/seeder/product.go:91.71,94.4 2 0
github.com/MamangRust/monolith-point-of-sale-pkg/database/seeder/product.go:98.2,99.12 2 0
github.com/MamangRust/monolith-point-of-sale-pkg/database/seeder/role.go:20.97,26.2 1 0
github.com/MamangRust/monolith-point-of-sale-pkg/database/seeder/role.go:28.35,44.39 3 0
github.com/MamangRust/monolith-point-of-sale-pkg/database/seeder/role.go:44.39,49.68 2 0
github.com/MamangRust/monolith-point-of-sale-pkg/database/seeder/role.go:49.68,52.4 2 0
github.com/MamangRust/monolith-point-of-sale-pkg/database/seeder/role.go:55.2,56.12 2 0
github.com/MamangRust/monolith-point-of-sale-pkg/database/seeder/seed.go:33.35,45.2 1 0
github.com/MamangRust/monolith-point-of-sale-pkg/database/seeder/seed.go:47.30,48.62 1 0
github.com/MamangRust/monolith-point-of-sale-pkg/database/seeder/seed.go:48.62,50.3 1 0
github.com/MamangRust/monolith-point-of-sale-pkg/database/seeder/seed.go:52.2,52.62 1 0
github.com/MamangRust/monolith-point-of-sale-pkg/database/seeder/seed.go:52.62,54.3 1 0
github.com/MamangRust/monolith-point-of-sale-pkg/database/seeder/seed.go:56.2,56.71 1 0
github.com/MamangRust/monolith-point-of-sale-pkg/database/seeder/seed.go:56.71,58.3 1 0
github.com/MamangRust/monolith-point-of-sale-pkg/database/seeder/seed.go:60.2,60.69 1 0
github.com/MamangRust/monolith-point-of-sale-pkg/database/seeder/seed.go:60.69,62.3 1 0
github.com/MamangRust/monolith-point-of-sale-pkg/database/seeder/seed.go:64.2,64.67 1 0
github.com/MamangRust/monolith-point-of-sale-pkg/database/seeder/seed.go:64.67,66.3 1 0
github.com/MamangRust/monolith-point-of-sale-pkg/database/seeder/seed.go:68.2,68.69 1 0
github.com/MamangRust/monolith-point-of-sale-pkg/database/seeder/seed.go:68.69,70.3 1 0
github.com/MamangRust/monolith-point-of-sale-pkg/database/seeder/seed.go:72.2,72.67 1 0
github.com/MamangRust/monolith-point-of-sale-pkg/database/seeder/seed.go:72.67,74.3 1 0
github.com/MamangRust/monolith-point-of-sale-pkg/database/seeder/seed.go:76.2,76.63 1 0
github.com/MamangRust/monolith-point-of-sale-pkg/database/seeder/seed.go:76.63,78.3 1 0
github.com/MamangRust/monolith-point-of-sale-pkg/database/seeder/seed.go:80.2,80.75 1 0
github.com/MamangRust/monolith-point-of-sale-pkg/database/seeder/seed.go:80.75,82.3 1 0
github.com/MamangRust/monolith-point-of-sale-pkg/database/seeder/seed.go:84.2,84.12 1 0
github.com/MamangRust/monolith-point-of-sale-pkg/database/seeder/seed.go:87.80,88.35 1 0
github.com/MamangRust/monolith-point-of-sale-pkg/database/seeder/seed.go:88.35,90.3 1 0
github.com/MamangRust/monolith-point-of-sale-pkg/database/seeder/seed.go:92.2,93.12 2 0
github.com/MamangRust/monolith-point-of-sale-pkg/database/seeder/seed.go:96.34,98.2 1 0
github.com/MamangRust/monolith-point-of-sale-pkg/database/seeder/seed.go:100.31,102.2 1 0
github.com/MamangRust/monolith-point-of-sale-pkg/database/seeder/transaction.go:20.111,26.2 1 0
github.com/MamangRust/monolith-point-of-sale-pkg/database/seeder/transaction.go:28.42,34.35 2 0
github.com/MamangRust/monolith-point-of-sale-pkg/database/seeder/transaction.go:34.35,37.3 2 0
github.com/MamangRust/monolith-point-of-sale-pkg/database/seeder/transaction.go:39.2,44.38 2 0
github.com/MamangRust/monolith-point-of-sale-pkg/database/seeder/transaction.go:44.38,47.3 2 0
github.com/MamangRust/monolith-point-of-sale-pkg/database/seeder/transaction.go:49.2,49.26 1 0
github.com/MamangRust/monolith-point-of-sale-pkg/database/seeder/transaction.go:49.26,71.75 11 0
github.com/MamangRust/monolith-point-of-sale-pkg/database/seeder/transaction.go:71.75,74.4 2 0
github.com/MamangRust/monolith-point-of-sale-pkg/database/seeder/transaction.go:77.2,78.12 2 0
github.com/MamangRust/monolith-point-of-sale-pkg/database/seeder/user.go:24.121,31.2 1 0
github.com/MamangRust/monolith-point-of-sale-pkg/database/seeder/user.go:33.35,34.27 1 0
github.com/MamangRust/monolith-point-of-sale-pkg/database/seeder/user.go:34.27,39.17 4 0
github.com/MamangRust/monolith-point-of-sale-pkg/database/seeder/user.go:39.17,42.4 2 0
github.com/MamangRust/monolith-point-of-sale-pkg/database/seeder/user.go:44.3,51.68 2 0
github.com/MamangRust/monolith-point-of-sale-pkg/database/seeder/user.go:51.68,54.4 2 0
github.com/MamangRust/monolith-point-of-sale-pkg/database/seeder/user.go:56.3,56.12 1 0
github.com/MamangRust/monolith-point-of-sale-pkg/database/seeder/user.go:56.12,60.56 1 0
github.com/MamangRust/monolith-point-of-sale-pkg/database/seeder/user.go:60.56,63.5 2 0
github.com/MamangRust/monolith-point-of-sale-pkg/database/seeder/user.go:67.2,68.12 2 0
github.com/MamangRust/monolith-point-of-sale-pkg/database/seeder/user_role.go:22.105,28.2 1 0
github.com/MamangRust/monolith-point-of-sale-pkg/database/seeder/user_role.go:30.39,36.34 2 0
github.com/MamangRust/monolith-point-of-sale-pkg/database/seeder/user_role.go:36.34,39.3 2 0
github.com/MamangRust/monolith-point-of-sale-pkg/database/seeder/user_role.go:41.2,46.34 2 0
github.com/MamangRust/monolith-point-of-sale-pkg/database/seeder/user_role.go:46.34,49.3 2 0
github.com/MamangRust/monolith-point-of-sale-pkg/database/seeder/user_role.go:51.2,51.40 1 0
github.com/MamangRust/monolith-point-of-sale-pkg/database/seeder/user_role.go:51.40,54.3 2 0
github.com/MamangRust/monolith-point-of-sale-pkg/database/seeder/user_role.go:56.2,58.29 2 0
github.com/MamangRust/monolith-point-of-sale-pkg/database/seeder/user_role.go:58.29,66.72 3 0
github.com/MamangRust/monolith-point-of-sale-pkg/database/seeder/user_role.go:66.72,69.4 2 0
github.com/MamangRust/monolith-point-of-sale-pkg/database/seeder/user_role.go:72.2,73.12 2 0
github.com/MamangRust/monolith-point-of-sale-pkg/dotenv/dotenv.go:10.20,12.15 2 0
github.com/MamangRust/monolith-point-of-sale-pkg/dotenv/dotenv.go:12.15,14.3 1 0
github.com/MamangRust/monolith-point-of-sale-pkg/dotenv/dotenv.go:16.2,19.13 3 0
github.com/MamangRust/monolith-point-of-sale-pkg/dotenv/dotenv.go:20.16,21.33 1 0
github.com/MamangRust/monolith-point-of-sale-pkg/dotenv/dotenv.go:22.20,23.37 1 0
github.com/MamangRust/monolith-point-of-sale-pkg/dotenv/dotenv.go:24.28,25.24 1 0
github.com/MamangRust/monolith-point-of-sale-pkg/dotenv/dotenv.go:26.10,27.22 1 0
github.com/MamangRust/monolith-point-of-sale-pkg/dotenv/dotenv.go:30.2,32.19 2 0
github.com/MamangRust/monolith-point-of-sale-pkg/dotenv/dotenv.go:32.19,36.17 3 0
github.com/MamangRust/monolith-point-of-sale-pkg/dotenv/dotenv.go:36.17,38.4 1 0
github.com/MamangRust/monolith-point-of-sale-pkg/dotenv/dotenv.go:41.2,41.12 1 0
github.com/MamangRust/monolith-point-of-sale-pkg/email/email.go:9.55,104.16 3 0
github.com/MamangRust/monolith-point-of-sale-pkg/email/email.go:104.16,106.3 1 0
github.com/MamangRust/monolith-point-of-sale-pkg/email/email.go:108.2,109.49 2 0
github.com/MamangRust/monolith-point-of-sale-pkg/email/email.go:109.49,111.3 1 0
github.com/MamangRust/monolith-point-of-sale-pkg/email/email.go:113.2,113.21 1 0
github.com/MamangRust/monolith-point-of-sale-pkg/auth/token.go:24.53,25.21 1 7
github.com/MamangRust/monolith-point-of-sale-pkg/auth/token.go:25.21,27.3 1 1
github.com/MamangRust/monolith-point-of-sale-pkg/auth/token.go:28.2,28.52 1 6
github.com/MamangRust/monolith-point-of-sale-pkg/auth/token.go:31.78,42.2 4 1
github.com/MamangRust/monolith-point-of-sale-pkg/auth/token.go:44.69,45.89 1 5
github.com/MamangRust/monolith-point-of-sale-pkg/auth/token.go:45.89,46.58 1 2
github.com/MamangRust/monolith-point-of-sale-pkg/auth/token.go:46.58,48.4 1 0
github.com/MamangRust/monolith-point-of-sale-pkg/auth/token.go:50.3,50.34 1 2
github.com/MamangRust/monolith-point-of-sale-pkg/auth/token.go:53.2,53.16 1 5
github.com/MamangRust/monolith-point-of-sale-pkg/auth/token.go:53.16,54.42 1 4
github.com/MamangRust/monolith-point-of-sale-pkg/auth/token.go:54.42,56.4 1 1
github.com/MamangRust/monolith-point-of-sale-pkg/auth/token.go:57.3,57.58 1 3
github.com/MamangRust/monolith-point-of-sale-pkg/auth/token.go:60.2,61.9 2 1
github.com/MamangRust/monolith-point-of-sale-pkg/auth/token.go:61.9,63.3 1 0
github.com/MamangRust/monolith-point-of-sale-pkg/auth/token.go:65.2,65.36 1 1
github.com/MamangRust/monolith-point-of-sale-pkg/kafka/kafka.go:19.71,26.16 6 0
github.com/MamangRust/monolith-point-of-sale-pkg/kafka/kafka.go:26.16,28.3 1 0
github.com/MamangRust/monolith-point-of-sale-pkg/kafka/kafka.go:30.2,36.3 2 0
github.com/MamangRust/monolith-point-of-sale-pkg/kafka/kafka.go:42.96,51.22 4 0
github.com/MamangRust/monolith-point-of-sale-pkg/kafka/kafka.go:51.22,52.31 1 0
github.com/MamangRust/monolith-point-of-sale-pkg/kafka/kafka.go:52.31,57.4 1 0
github.com/MamangRust/monolith-point-of-sale-pkg/kafka/kafka.go:60.2,61.16 2 0
github.com/MamangRust/monolith-point-of-sale-pkg/kafka/kafka.go:61.16,63.3 1 0
github.com/MamangRust/monolith-point-of-sale-pkg/kafka/kafka.go:65.2,66.12 2 0
github.com/MamangRust/monolith-point-of-sale-pkg/kafka/kafka.go:73.138,83.22 4 0
github.com/MamangRust/monolith-point-of-sale-pkg/kafka/kafka.go:83.22,84.31 1 0
github.com/MamangRust/monolith-point-of-sale-pkg/kafka/kafka.go:84.31,89.4 1 0
github.com/MamangRust/monolith-point-of-sale-pkg/kafka/kafka.go:92.2,93.16 2 0
github.com/MamangRust/monolith-point-of-sale-pkg/kafka/kafka.go:93.16,95.3 1 0
github.com/MamangRust/monolith-point-of-sale-pkg/kafka/kafka.go:97.2,98.12 2 0
github.com/MamangRust/monolith-point-of-sale-pkg/kafka/kafka.go:106.108,108.2 1 0
github.com/MamangRust/monolith-point-of-sale-pkg/kafka/kafka.go:113.140,114.16 1 0
github.com/MamangRust/monolith-point-of-sale-pkg/kafka/kafka.go:114.16,116.3 1 0
github.com/MamangRust/monolith-point-of-sale-pkg/kafka/kafka.go:117.2,125.16 6 0
github.com/MamangRust/monolith-point-of-sale-pkg/kafka/kafka.go:125.16,127.3 1 0
github.com/MamangRust/monolith-point-of-sale-pkg/kafka/kafka.go:129.2,129.12 1 0
github.com/MamangRust/monolith-point-of-sale-pkg/kafka/kafka.go:129.12,131.7 2 0
github.com/MamangRust/monolith-point-of-sale-pkg/kafka/kafka.go:131.7,132.70 1 0
github.com/MamangRust/monolith-point-of-sale-pkg/kafka/kafka.go:132.70,133.25 1 0
github.com/MamangRust/monolith-point-of-sale-pkg/kafka/kafka.go:133.25,135.6 1 0
github.com/MamangRust/monolith-point-of-sale-pkg/kafka/kafka.go:136.5,136.47 1 0
github.com/MamangRust/monolith-point-of-sale-pkg/kafka/kafka.go:141.2,141.12 1 0
github.com/MamangRust/monolith-point-of-sale-pkg/kafka/kafka.go:141.12,142.7 1 0
github.com/MamangRust/monolith-point-of-sale-pkg/kafka/kafka.go:142.7,143.11 1 0
github.com/MamangRust/monolith-point-of-sale-pkg/kafka/kafka.go:144.22,145.11 1 0
github.com/MamangRust/monolith-point-of-sale-pkg/kafka/kafka.go:146.45,147.12 1 0
github.com/MamangRust/monolith-point-of-sale-pkg/kafka/kafka.go:147.12,149.6 1 0
github.com/MamangRust/monolith-point-of-sale-pkg/kafka/kafka.go:150.5,150.48 1 0
github.com/MamangRust/monolith-point-of-sale-pkg/kafka/kafka.go:155.2,155.12 1 0
github.com/MamangRust/monolith-point-of-sale-pkg/kafka/kafka.go:160.31,161.35 1 0
github.com/MamangRust/monolith-point-of-sale-pkg/kafka/kafka.go:161.35,163.3 1 0
github.com/MamangRust/monolith-point-of-sale-pkg/kafka/kafka.go:164.2,166.12 3 0
github.com/MamangRust/monolith-point-of-sale-pkg/logger/logger.go:33.93,36.17 2 0
github.com/MamangRust/monolith-point-of-sale-pkg/logger/logger.go:36.17,59.28 4 0
github.com/MamangRust/monolith-point-of-sale-pkg/logger/logger.go:59.28,65.4 2 0
github.com/MamangRust/monolith-point-of-sale-pkg/logger/logger.go:67.3,75.34 3 0
github.com/MamangRust/monolith-point-of-sale-pkg/logger/logger.go:78.2,78.27 1 0
github.com/MamangRust/monolith-point-of-sale-pkg/logger/logger.go:81.60,83.2 1 0
github.com/MamangRust/monolith-point-of-sale-pkg/logger/logger.go:85.61,87.2 1 0
github.com/MamangRust/monolith-point-of-sale-pkg/logger/logger.go:89.61,91.2 1 0
github.com/MamangRust/monolith-point-of-sale-pkg/logger/logger.go:93.61,95.2 1 0
github.com/MamangRust/monolith-point-of-sale-pkg/logger/logger.go:97.60,99.2 1 0
github.com/MamangRust/monolith-point-of-sale-pkg/logger/logger.go:101.83,103.2 1 0
github.com/MamangRust/monolith-point-of-sale-pkg/logger/logger.go:105.60,107.2 1 0
github.com/MamangRust/monolith-point-of-sale-pkg/logger/logger.go:109.31,111.2 1 0
github.com/MamangRust/monolith-point-of-sale-pkg/logger/logger.go:113.36,115.2 1 0
github.com/MamangRust/monolith-point-of-sale-pkg/logger/logger.go:117.22,120.2 2 0
github.com/MamangRust/monolith-point-of-sale-pkg/middleware/context.go:23.33,26.2 2 0
github.com/MamangRust/monolith-point-of-sale-pkg/middleware/context.go:28.68,30.2 1 0
github.com/MamangRust/monolith-point-of-sale-pkg/middleware/context.go:32.44,33.51 1 0
github.com/MamangRust/monolith-point-of-sale-pkg/middleware/context.go:33.51,35.3 1 0
github.com/MamangRust/monolith-point-of-sale-pkg/middleware/context.go:36.2,36.11 1 0
github.com/MamangRust/monolith-point-of-sale-pkg/middleware/context.go:39.70,41.2 1 0
github.com/MamangRust/monolith-point-of-sale-pkg/middleware/context.go:43.47,44.54 1 0
github.com/MamangRust/monolith-point-of-sale-pkg/middleware/context.go:44.54,46.3 1 0
github.com/MamangRust/monolith-point-of-sale-pkg/middleware/context.go:47.2,47.20 1 0
github.com/MamangRust/monolith-point-of-sale-pkg/middleware/context.go:50.69,52.2 1 0
github.com/MamangRust/monolith-point-of-sale-pkg/middleware/context.go:54.41,55.48 1 0
github.com/MamangRust/monolith-point-of-sale-pkg/middleware/context.go:55.48,57.3 1 0
github.com/MamangRust/monolith-point-of-sale-pkg/middleware/context.go:58.2,58.11 1 0
github.com/MamangRust/monolith-point-of-sale-pkg/middleware/context.go:61.75,63.2 1 0
github.com/MamangRust/monolith-point-of-sale-pkg/middleware/context.go:65.44,66.51 1 0
github.com/MamangRust/monolith-point-of-sale-pkg/middleware/context.go:66.51,68.3 1 0
github.com/MamangRust/monolith-point-of-sale-pkg/middleware/context.go:69.2,69.11 1 0
github.com/MamangRust/monolith-point-of-sale-pkg/middleware/context.go:72.106,73.128 1 0
github.com/MamangRust/monolith-point-of-sale-pkg/middleware/context.go:73.128,93.3 9 0
github.com/MamangRust/monolith-point-of-sale-pkg/middleware/pyroscope.go:10.62,16.25 1 0
github.com/MamangRust/monolith-point-of-sale-pkg/middleware/pyroscope.go:16.25,22.32 3 0
github.com/MamangRust/monolith-point-of-sale-pkg/middleware/pyroscope.go:22.32,24.4 1 0
github.com/MamangRust/monolith-point-of-sale-pkg/middleware/pyroscope.go:26.3,26.19 1 0
github.com/MamangRust/monolith-point-of-sale-pkg/middleware/recover.go:15.84,21.34 1 0
github.com/MamangRust/monolith-point-of-sale-pkg/middleware/recover.go:21.34,22.16 1 0
github.com/MamangRust/monolith-point-of-sale-pkg/middleware/recover.go:22.16,23.32 1 0
github.com/MamangRust/monolith-point-of-sale-pkg/middleware/recover.go:23.32,31.5 2 0
github.com/MamangRust/monolith-point-of-sale-pkg/middleware/recover.go:34.3,34.27 1 0
github.com/MamangRust/monolith-point-of-sale-pkg/middleware/resilience.go:18.144,24.2 1 0
github.com/MamangRust/monolith-point-of-sale-pkg/middleware/resilience.go:26.81,27.128 1 0
github.com/MamangRust/monolith-point-of-sale-pkg/middleware/resilience.go:27.128,30.33 2 0
github.com/MamangRust/monolith-point-of-sale-pkg/middleware/resilience.go:30.33,32.4 1 0
github.com/MamangRust/monolith-point-of-sale-pkg/middleware/resilience.go:34.3,34.38 1 0
github.com/MamangRust/monolith-point-of-sale-pkg/middleware/resilience.go:34.38,36.4 1 0
github.com/MamangRust/monolith-point-of-sale-pkg/middleware/resilience.go:38.3,40.27 2 0
github.com/MamangRust/monolith-point-of-sale-pkg/otel/otel.go:42.45,43.40 1 0
github.com/MamangRust/monolith-point-of-sale-pkg/otel/otel.go:43.40,45.3 1 0
github.com/MamangRust/monolith-point-of-sale-pkg/otel/otel.go:47.2,49.3 1 0
github.com/MamangRust/monolith-point-of-sale-pkg/otel/otel.go:52.53,53.23 1 0
github.com/MamangRust/monolith-point-of-sale-pkg/otel/otel.go:53.23,58.3 4 0
github.com/MamangRust/monolith-point-of-sale-pkg/otel/otel.go:60.2,60.42 1 0
github.com/MamangRust/monolith-point-of-sale-pkg/otel/otel.go:60.42,62.3 1 0
github.com/MamangRust/monolith-point-of-sale-pkg/otel/otel.go:64.2,64.41 1 0
github.com/MamangRust/monolith-point-of-sale-pkg/otel/otel.go:64.41,66.3 1 0
github.com/MamangRust/monolith-point-of-sale-pkg/otel/otel.go:68.2,68.42 1 0
github.com/MamangRust/monolith-point-of-sale-pkg/otel/otel.go:68.42,70.3 1 0
github.com/MamangRust/monolith-point-of-sale-pkg/otel/otel.go:72.2,72.35 1 0
github.com/MamangRust/monolith-point-of-sale-pkg/otel/otel.go:72.35,73.48 1 0
github.com/MamangRust/monolith-point-of-sale-pkg/otel/otel.go:73.48,75.4 1 0
github.com/MamangRust/monolith-point-of-sale-pkg/otel/otel.go:75.9,77.4 1 0
github.com/MamangRust/monolith-point-of-sale-pkg/otel/otel.go:80.2,80.12 1 0
github.com/MamangRust/monolith-point-of-sale-pkg/otel/otel.go:83.59,85.16 2 0
github.com/MamangRust/monolith-point-of-sale-pkg/otel/otel.go:85.16,87.3 1 0
github.com/MamangRust/monolith-point-of-sale-pkg/otel/otel.go:89.2,90.16 2 0
github.com/MamangRust/monolith-point-of-sale-pkg/otel/otel.go:90.16,92.3 1 0
github.com/MamangRust/monolith-point-of-sale-pkg/otel/otel.go:94.2,107.12 5 0
github.com/MamangRust/monolith-point-of-sale-pkg/otel/otel.go:110.58,112.16 2 0
github.com/MamangRust/monolith-point-of-sale-pkg/otel/otel.go:112.16,114.3 1 0
github.com/MamangRust/monolith-point-of-sale-pkg/otel/otel.go:116.2,117.16 2 0
github.com/MamangRust/monolith-point-of-sale-pkg/otel/otel.go:117.16,119.3 1 0
github.com/MamangRust/monolith-point-of-sale-pkg/otel/otel.go:121.2,129.12 4 0
github.com/MamangRust/monolith-point-of-sale-pkg/otel/otel.go:132.59,134.16 2 0
github.com/MamangRust/monolith-point-of-sale-pkg/otel/otel.go:134.16,136.3 1 0
github.com/MamangRust/monolith-point-of-sale-pkg/otel/otel.go:138.2,139.16 2 0
github.com/MamangRust/monolith-point-of-sale-pkg/otel/otel.go:139.16,141.3 1 0
github.com/MamangRust/monolith-point-of-sale-pkg/otel/otel.go:143.2,150.12 3 0
github.com/MamangRust/monolith-point-of-sale-pkg/otel/otel.go:153.48,157.16 2 0
github.com/MamangRust/monolith-point-of-sale-pkg/otel/otel.go:157.16,159.3 1 0
github.com/MamangRust/monolith-point-of-sale-pkg/otel/otel.go:161.2,164.12 3 0
github.com/MamangRust/monolith-point-of-sale-pkg/otel/otel.go:167.56,169.2 1 0
github.com/MamangRust/monolith-point-of-sale-pkg/otel/otel.go:171.57,174.29 2 0
github.com/MamangRust/monolith-point-of-sale-pkg/otel/otel.go:174.29,175.56 1 0
github.com/MamangRust/monolith-point-of-sale-pkg/otel/otel.go:175.56,177.4 1 0
github.com/MamangRust/monolith-point-of-sale-pkg/otel/otel.go:180.2,180.28 1 0
github.com/MamangRust/monolith-point-of-sale-pkg/otel/otel.go:180.28,181.55 1 0
github.com/MamangRust/monolith-point-of-sale-pkg/otel/otel.go:181.55,183.4 1 0
github.com/MamangRust/monolith-point-of-sale-pkg/otel/otel.go:186.2,186.29 1 0
github.com/MamangRust/monolith-point-of-sale-pkg/otel/otel.go:186.29,187.56 1 0
github.com/MamangRust/monolith-point-of-sale-pkg/otel/otel.go:187.56,189.4 1 0
github.com/MamangRust/monolith-point-of-sale-pkg/otel/otel.go:192.2,192.19 1 0
github.com/MamangRust/monolith-point-of-sale-pkg/otel/otel.go:192.19,194.3 1 0
github.com/MamangRust/monolith-point-of-sale-pkg/otel/otel.go:196.2,196.12 1 0
github.com/MamangRust/monolith-point-of-sale-pkg/otel/otel.go:199.93,204.23 2 0
github.com/MamangRust/monolith-point-of-sale-pkg/otel/otel.go:204.23,206.3 1 0
github.com/MamangRust/monolith-point-of-sale-pkg/otel/otel.go:208.2,208.40 1 0
github.com/MamangRust/monolith-point-of-sale-pkg/otel/otel.go:211.91,216.23 2 0
github.com/MamangRust/monolith-point-of-sale-pkg/otel/otel.go:216.23,218.3 1 0
github.com/MamangRust/monolith-point-of-sale-pkg/otel/otel.go:220.2,220.41 1 0
github.com/MamangRust/monolith-point-of-sale-pkg/otel/otel.go:223.85,228.23 2 0
github.com/MamangRust/monolith-point-of-sale-pkg/otel/otel.go:228.23,230.3 1 0
github.com/MamangRust/monolith-point-of-sale-pkg/otel/otel.go:232.2,232.38 1 0
github.com/MamangRust/monolith-point-of-sale-pkg/otel/otel.go:235.88,244.2 1 0
github.com/MamangRust/monolith-point-of-sale-pkg/event/event.go:31.69,41.2 1 10
github.com/MamangRust/monolith-point-of-sale-pkg/event/event.go:44.75,46.2 1 3
github.com/MamangRust/monolith-point-of-sale-pkg/event/event.go:51.39,58.2 1 8
github.com/MamangRust/monolith-point-of-sale-pkg/emailretry/retry.go:66.57,75.2 1 3
github.com/MamangRust/monolith-point-of-sale-pkg/emailretry/retry.go:78.60,81.2 2 1
github.com/MamangRust/monolith-point-of-sale-pkg/emailretry/retry.go:84.64,85.16 1 4
github.com/MamangRust/monolith-point-of-sale-pkg/emailretry/retry.go:85.16,87.3 1 1
github.com/MamangRust/monolith-point-of-sale-pkg/emailretry/retry.go:88.2,89.32 2 3
github.com/MamangRust/monolith-point-of-sale-pkg/emailretry/retry.go:89.32,90.15 1 7
github.com/MamangRust/monolith-point-of-sale-pkg/emailretry/retry.go:90.15,92.4 1 7
github.com/MamangRust/monolith-point-of-sale-pkg/emailretry/retry.go:95.2,96.25 2 3
github.com/MamangRust/monolith-point-of-sale-pkg/emailretry/retry.go:96.25,98.3 1 2
github.com/MamangRust/monolith-point-of-sale-pkg/emailretry/retry.go:99.2,100.16 2 1
github.com/MamangRust/monolith-point-of-sale-pkg/emailretry/retry.go:100.16,102.3 1 0
github.com/MamangRust/monolith-point-of-sale-pkg/emailretry/retry.go:103.2,106.16 3 1
github.com/MamangRust/monolith-point-of-sale-pkg/emailretry/retry.go:106.16,108.3 1 0
github.com/MamangRust/monolith-point-of-sale-pkg/emailretry/retry.go:109.2,112.16 3 1
github.com/MamangRust/monolith-point-of-sale-pkg/emailretry/retry.go:112.16,114.3 1 0
github.com/MamangRust/monolith-point-of-sale-pkg/emailretry/retry.go:115.2,118.16 3 1
github.com/MamangRust/monolith-point-of-sale-pkg/emailretry/retry.go:118.16,120.3 1 0
github.com/MamangRust/monolith-point-of-sale-pkg/emailretry/retry.go:121.2,124.68 3 1
github.com/MamangRust/monolith-point-of-sale-pkg/emailretry/retry.go:124.68,126.3 1 0
github.com/MamangRust/monolith-point-of-sale-pkg/emailretry/retry.go:127.2,127.18 1 1
github.com/MamangRust/monolith-point-of-sale-pkg/emailretry/retry.go:132.61,133.15 1 5
github.com/MamangRust/monolith-point-of-sale-pkg/emailretry/retry.go:133.15,135.3 1 1
github.com/MamangRust/monolith-point-of-sale-pkg/emailretry/retry.go:136.2,136.17 1 5
github.com/MamangRust/monolith-point-of-sale-pkg/emailretry/retry.go:136.17,138.3 1 0
github.com/MamangRust/monolith-point-of-sale-pkg/emailretry/retry.go:139.2,140.20 2 5
github.com/MamangRust/monolith-point-of-sale-pkg/emailretry/retry.go:140.20,142.3 1 1
github.com/MamangRust/monolith-point-of-sale-pkg/emailretry/retry.go:143.2,143.10 1 4
github.com/MamangRust/monolith-point-of-sale-pkg/emailretry/retry.go:147.61,149.2 1 1
github.com/MamangRust/monolith-point-of-sale-pkg/server/client.go:12.87,19.2 2 0
github.com/MamangRust/monolith-point-of-sale-pkg/server/server.go:49.56,50.17 1 0
github.com/MamangRust/monolith-point-of-sale-pkg/server/server.go:50.17,52.3 1 0
github.com/MamangRust/monolith-point-of-sale-pkg/server/server.go:55.44,56.39 1 0
github.com/MamangRust/monolith-point-of-sale-pkg/server/server.go:56.39,58.3 1 0
github.com/MamangRust/monolith-point-of-sale-pkg/server/server.go:60.2,60.43 1 0
github.com/MamangRust/monolith-point-of-sale-pkg/server/server.go:60.43,62.3 1 0
github.com/MamangRust/monolith-point-of-sale-pkg/server/server.go:64.2,65.61 2 0
github.com/MamangRust/monolith-point-of-sale-pkg/server/server.go:65.61,67.3 1 0
github.com/MamangRust/monolith-point-of-sale-pkg/server/server.go:69.2,70.16 2 0
github.com/MamangRust/monolith-point-of-sale-pkg/server/server.go:70.16,72.3 1 0
github.com/MamangRust/monolith-point-of-sale-pkg/server/server.go:74.2,75.16 2 0
github.com/MamangRust/monolith-point-of-sale-pkg/server/server.go:75.16,77.3 1 0
github.com/MamangRust/monolith-point-of-sale-pkg/server/server.go:79.2,80.16 2 0
github.com/MamangRust/monolith-point-of-sale-pkg/server/server.go:80.16,82.3 1 0
github.com/MamangRust/monolith-point-of-sale-pkg/server/server.go:84.2,87.16 3 0
github.com/MamangRust/monolith-point-of-sale-pkg/server/server.go:87.16,90.3 2 0
github.com/MamangRust/monolith-point-of-sale-pkg/server/server.go:92.2,103.8 2 0
github.com/MamangRust/monolith-point-of-sale-pkg/server/server.go:106.34,110.16 3 0
github.com/MamangRust/monolith-point-of-sale-pkg/server/server.go:110.16,112.3 1 0
github.com/MamangRust/monolith-point-of-sale-pkg/server/server.go:114.2,139.31 6 0
github.com/MamangRust/monolith-point-of-sale-pkg/server/server.go:139.31,141.3 1 0
github.com/MamangRust/monolith-point-of-sale-pkg/server/server.go:143.2,147.46 4 0
github.com/MamangRust/monolith-point-of-sale-pkg/server/server.go:147.46,150.3 2 0
github.com/MamangRust/monolith-point-of-sale-pkg/server/server.go:152.2,159.12 6 0
github.com/MamangRust/monolith-point-of-sale-pkg/server/server.go:159.12,164.47 2 0
github.com/MamangRust/monolith-point-of-sale-pkg/server/server.go:164.47,166.4 1 0
github.com/MamangRust/monolith-point-of-sale-pkg/server/server.go:169.2,169.9 1 0
github.com/MamangRust/monolith-point-of-sale-pkg/server/server.go:170.24,171.80 1 0
github.com/MamangRust/monolith-point-of-sale-pkg/server/server.go:172.24,174.13 2 0
github.com/MamangRust/monolith-point-of-sale-pkg/server/server.go:177.2,177.82 1 0
github.com/MamangRust/monolith-point-of-sale-pkg/server/server.go:184.9,195.12 7 0
github.com/MamangRust/monolith-point-of-sale-pkg/server/server.go:195.12,199.3 3 0
github.com/MamangRust/monolith-point-of-sale-pkg/server/server.go:201.2,201.9 1 0
github.com/MamangRust/monolith-point-of-sale-pkg/server/server.go:202.19,203.57 1 0
github.com/MamangRust/monolith-point-of-sale-pkg/server/server.go:204.28,205.67 1 0
github.com/MamangRust/monolith-point-of-sale-pkg/server/server.go:208.2,209.12 2 0
github.com/MamangRust/monolith-point-of-sale-pkg/server/server.go:209.12,212.3 2 0
github.com/MamangRust/monolith-point-of-sale-pkg/server/server.go:214.2,214.9 1 0
github.com/MamangRust/monolith-point-of-sale-pkg/server/server.go:215.17,216.50 1 0
github.com/MamangRust/monolith-point-of-sale-pkg/server/server.go:217.28,219.20 2 0
github.com/MamangRust/monolith-point-of-sale-pkg/server/server.go:222.2,223.12 2 0
github.com/MamangRust/monolith-point-of-sale-pkg/server/server.go:226.32,229.48 2 0
github.com/MamangRust/monolith-point-of-sale-pkg/server/server.go:229.48,230.45 1 0
github.com/MamangRust/monolith-point-of-sale-pkg/server/server.go:230.45,232.4 1 0
github.com/MamangRust/monolith-point-of-sale-pkg/server/server.go:235.2,235.21 1 0
github.com/MamangRust/monolith-point-of-sale-pkg/server/server.go:235.21,236.46 1 0
github.com/MamangRust/monolith-point-of-sale-pkg/server/server.go:236.46,237.40 1 0
github.com/MamangRust/monolith-point-of-sale-pkg/server/server.go:237.40,239.5 1 0
github.com/MamangRust/monolith-point-of-sale-pkg/server/server.go:239.10,241.5 1 0
github.com/MamangRust/monolith-point-of-sale-pkg/server/server.go:245.2,245.20 1 0
github.com/MamangRust/monolith-point-of-sale-pkg/server/server.go:245.20,246.41 1 0
github.com/MamangRust/monolith-point-of-sale-pkg/server/server.go:246.41,248.4 1 0
github.com/MamangRust/monolith-point-of-sale-pkg/server/server.go:248.9,250.4 1 0
github.com/MamangRust/monolith-point-of-sale-pkg/server/server.go:253.2,253.24 1 0
github.com/MamangRust/monolith-point-of-sale-pkg/server/server.go:253.24,254.68 1 0
github.com/MamangRust/monolith-point-of-sale-pkg/server/server.go:254.68,256.4 1 0
github.com/MamangRust/monolith-point-of-sale-pkg/server/server.go:256.9,258.4 1 0
github.com/MamangRust/monolith-point-of-sale-pkg/server/server.go:261.2,261.36 1 0
github.com/MamangRust/monolith-point-of-sale-pkg/server/server.go:264.39,265.46 1 0
github.com/MamangRust/monolith-point-of-sale-pkg/server/server.go:265.46,267.3 1 0
github.com/MamangRust/monolith-point-of-sale-pkg/server/server.go:269.2,285.12 2 0
github.com/MamangRust/monolith-point-of-sale-pkg/server/server.go:288.53,299.2 1 0
github.com/MamangRust/monolith-point-of-sale-pkg/server/server.go:304.41,305.34 1 0
github.com/MamangRust/monolith-point-of-sale-pkg/server/server.go:305.34,307.3 1 0
github.com/MamangRust/monolith-point-of-sale-pkg/server/server.go:308.2,308.17 1 0
github.com/MamangRust/monolith-point-of-sale-pkg/server/server.go:311.117,316.63 2 0
github.com/MamangRust/monolith-point-of-sale-pkg/server/server.go:316.63,318.18 2 0
github.com/MamangRust/monolith-point-of-sale-pkg/server/server.go:318.18,320.4 1 0
github.com/MamangRust/monolith-point-of-sale-pkg/server/server.go:321.3,321.18 1 0
github.com/MamangRust/monolith-point-of-sale-pkg/server/server.go:321.18,323.4 1 0
github.com/MamangRust/monolith-point-of-sale-pkg/server/server.go:324.3,324.15 1 0
github.com/MamangRust/monolith-point-of-sale-pkg/server/server.go:327.2,329.16 3 0
github.com/MamangRust/monolith-point-of-sale-pkg/server/server.go:329.16,331.3 1 0
github.com/MamangRust/monolith-point-of-sale-pkg/server/server.go:333.2,335.13 3 0
github.com/MamangRust/monolith-point-of-sale-pkg/server/server.go:335.13,337.3 1 0
github.com/MamangRust/monolith-point-of-sale-pkg/server/server.go:339.2,352.51 4 0
github.com/MamangRust/monolith-point-of-sale-pkg/server/server.go:352.51,355.3 2 0
github.com/MamangRust/monolith-point-of-sale-pkg/server/server.go:357.2,358.20 2 0
github.com/MamangRust/monolith-point-of-sale-pkg/server/server.go:361.60,363.12 2 0
github.com/MamangRust/monolith-point-of-sale-pkg/server/server.go:363.12,367.7 4 0
github.com/MamangRust/monolith-point-of-sale-pkg/server/server.go:367.7,368.11 1 0
github.com/MamangRust/monolith-point-of-sale-pkg/server/server.go:369.24,370.11 1 0
github.com/MamangRust/monolith-point-of-sale-pkg/server/server.go:371.20,372.21 1 0
github.com/MamangRust/monolith-point-of-sale-pkg/server/server.go:376.2,376.13 1 0
github.com/MamangRust/monolith-point-of-sale-pkg/server/server.go:379.37,382.16 3 0
github.com/MamangRust/monolith-point-of-sale-pkg/server/server.go:382.16,385.3 2 0
github.com/MamangRust/monolith-point-of-sale-pkg/server/server.go:386.2,387.39 2 0
github.com/MamangRust/monolith-point-of-sale-pkg/server/server.go:387.39,389.3 1 0
github.com/MamangRust/monolith-point-of-sale-pkg/server/server.go:390.2,390.67 1 0
github.com/MamangRust/monolith-point-of-sale-pkg/server/server.go:390.67,397.3 1 0
github.com/MamangRust/monolith-point-of-sale-pkg/server/server.go:400.57,402.12 2 0
github.com/MamangRust/monolith-point-of-sale-pkg/server/server.go:402.12,406.7 4 0
github.com/MamangRust/monolith-point-of-sale-pkg/server/server.go:406.7,407.11 1 0
github.com/MamangRust/monolith-point-of-sale-pkg/server/server.go:408.24,409.11 1 0
github.com/MamangRust/monolith-point-of-sale-pkg/server/server.go:410.20,411.37 1 0
github.com/MamangRust/monolith-point-of-sale-pkg/server/server.go:415.2,415.13 1 0
github.com/MamangRust/monolith-point-of-sale-pkg/redis/redis.go:28.47,43.2 3 0
github.com/MamangRust/monolith-point-of-sale-pkg/randomstring/random_string.go:10.55,12.24 2 0
github.com/MamangRust/monolith-point-of-sale-pkg/randomstring/random_string.go:12.24,14.17 2 0
github.com/MamangRust/monolith-point-of-sale-pkg/randomstring/random_string.go:14.17,16.4 1 0
github.com/MamangRust/monolith-point-of-sale-pkg/randomstring/random_string.go:17.3,17.38 1 0
github.com/MamangRust/monolith-point-of-sale-pkg/randomstring/random_string.go:19.2,19.28 1 0
github.com/MamangRust/monolith-point-of-sale-pkg/trace_unic/trace_kode_unik.go:10.44,14.2 3 0
github.com/MamangRust/monolith-point-of-sale-pkg/upload_image/image.go:32.65,34.2 1 0
github.com/MamangRust/monolith-point-of-sale-pkg/upload_image/image.go:36.69,37.54 1 0
github.com/MamangRust/monolith-point-of-sale-pkg/upload_image/image.go:37.54,38.54 1 0
github.com/MamangRust/monolith-point-of-sale-pkg/upload_image/image.go:38.54,44.4 2 0
github.com/MamangRust/monolith-point-of-sale-pkg/upload_image/image.go:46.2,46.12 1 0
github.com/MamangRust/monolith-point-of-sale-pkg/upload_image/image.go:49.102,57.24 3 0
github.com/MamangRust/monolith-point-of-sale-pkg/upload_image/image.go:57.24,63.3 1 0
github.com/MamangRust/monolith-point-of-sale-pkg/upload_image/image.go:65.2,65.23 1 0
github.com/MamangRust/monolith-point-of-sale-pkg/upload_image/image.go:65.23,71.3 1 0
github.com/MamangRust/monolith-point-of-sale-pkg/upload_image/image.go:73.2,74.59 2 0
github.com/MamangRust/monolith-point-of-sale-pkg/upload_image/image.go:74.59,80.3 1 0
github.com/MamangRust/monolith-point-of-sale-pkg/upload_image/image.go:82.2,85.60 3 0
github.com/MamangRust/monolith-point-of-sale-pkg/upload_image/image.go:85.60,95.3 2 0
github.com/MamangRust/monolith-point-of-sale-pkg/upload_image/image.go:97.2,102.23 2 0
github.com/MamangRust/monolith-point-of-sale-pkg/upload_image/image.go:105.63,106.57 1 0
github.com/MamangRust/monolith-point-of-sale-pkg/upload_image/image.go:106.57,111.3 1 0
github.com/MamangRust/monolith-point-of-sale-pkg/upload_image/image.go:114.86,116.16 2 0
github.com/MamangRust/monolith-point-of-sale-pkg/upload_image/image.go:116.16,118.3 1 0
github.com/MamangRust/monolith-point-of-sale-pkg/upload_image/image.go:119.2,122.16 3 0
github.com/MamangRust/monolith-point-of-sale-pkg/upload_image/image.go:122.16,124.3 1 0
github.com/MamangRust/monolith-point-of-sale-pkg/upload_image/image.go:125.2,127.44 2 0
github.com/MamangRust/monolith-point-of-sale-pkg/upload_image/image.go:127.44,129.3 1 0
github.com/MamangRust/monolith-point-of-sale-pkg/upload_image/image.go:131.2,131.63 1 0
github.com/MamangRust/monolith-point-of-sale-pkg/upload_image/image.go:131.63,133.3 1 0
github.com/MamangRust/monolith-point-of-sale-pkg/upload_image/image.go:135.2,135.12 1 0
github.com/MamangRust/monolith-point-of-sale-pkg/outbox/inbox.go:49.144,50.55 1 3
github.com/MamangRust/monolith-point-of-sale-pkg/outbox/inbox.go:50.55,52.3 1 3
github.com/MamangRust/monolith-point-of-sale-pkg/outbox/inbox.go:54.2,55.21 2 0
github.com/MamangRust/monolith-point-of-sale-pkg/outbox/inbox.go:55.21,57.3 1 0
github.com/MamangRust/monolith-point-of-sale-pkg/outbox/inbox.go:59.2,87.25 2 0
github.com/MamangRust/monolith-point-of-sale-pkg/outbox/inbox.go:87.25,90.3 2 0
github.com/MamangRust/monolith-point-of-sale-pkg/outbox/inbox.go:94.2,94.30 1 0
github.com/MamangRust/monolith-point-of-sale-pkg/outbox/inbox.go:94.30,100.17 3 0
github.com/MamangRust/monolith-point-of-sale-pkg/outbox/inbox.go:100.17,103.4 2 0
github.com/MamangRust/monolith-point-of-sale-pkg/outbox/inbox.go:104.3,104.43 1 0
github.com/MamangRust/monolith-point-of-sale-pkg/outbox/inbox.go:104.43,106.4 1 0
github.com/MamangRust/monolith-point-of-sale-pkg/outbox/inbox.go:107.3,107.50 1 0
github.com/MamangRust/monolith-point-of-sale-pkg/outbox/inbox.go:113.2,117.16 3 0
github.com/MamangRust/monolith-point-of-sale-pkg/outbox/inbox.go:117.16,119.36 2 0
github.com/MamangRust/monolith-point-of-sale-pkg/outbox/inbox.go:119.36,122.4 1 0
github.com/MamangRust/monolith-point-of-sale-pkg/outbox/inbox.go:123.3,123.30 1 0
github.com/MamangRust/monolith-point-of-sale-pkg/outbox/inbox.go:125.2,125.42 1 0
github.com/MamangRust/monolith-point-of-sale-pkg/outbox/inbox.go:125.42,127.3 1 0
github.com/MamangRust/monolith-point-of-sale-pkg/outbox/inbox.go:128.2,128.89 1 0
github.com/MamangRust/monolith-point-of-sale-pkg/outbox/inbox.go:133.117,134.55 1 2
github.com/MamangRust/monolith-point-of-sale-pkg/outbox/inbox.go:134.55,136.3 1 2
github.com/MamangRust/monolith-point-of-sale-pkg/outbox/inbox.go:137.2,145.11 1 0
github.com/MamangRust/monolith-point-of-sale-pkg/outbox/inbox.go:150.132,151.55 1 2
github.com/MamangRust/monolith-point-of-sale-pkg/outbox/inbox.go:151.55,153.3 1 2
github.com/MamangRust/monolith-point-of-sale-pkg/outbox/inbox.go:154.2,155.26 2 0
github.com/MamangRust/monolith-point-of-sale-pkg/outbox/inbox.go:155.26,157.3 1 0
github.com/MamangRust/monolith-point-of-sale-pkg/outbox/inbox.go:158.2,165.11 1 0
github.com/MamangRust/monolith-point-of-sale-pkg/outbox/inbox.go:175.60,176.15 1 0
github.com/MamangRust/monolith-point-of-sale-pkg/outbox/inbox.go:176.15,178.3 1 0
github.com/MamangRust/monolith-point-of-sale-pkg/outbox/inbox.go:179.2,179.36 1 0
github.com/MamangRust/monolith-point-of-sale-pkg/outbox/inbox.go:182.150,184.2 1 0
github.com/MamangRust/monolith-point-of-sale-pkg/outbox/inbox.go:186.123,188.2 1 0
github.com/MamangRust/monolith-point-of-sale-pkg/outbox/inbox.go:190.138,192.2 1 0
github.com/MamangRust/monolith-point-of-sale-pkg/outbox/outbox.go:53.106,55.2 1 0
github.com/MamangRust/monolith-point-of-sale-pkg/outbox/outbox.go:60.112,68.64 2 0
github.com/MamangRust/monolith-point-of-sale-pkg/outbox/outbox.go:68.64,70.3 1 0
github.com/MamangRust/monolith-point-of-sale-pkg/outbox/outbox.go:71.2,72.12 2 0
github.com/MamangRust/monolith-point-of-sale-pkg/outbox/outbox.go:80.95,81.17 1 0
github.com/MamangRust/monolith-point-of-sale-pkg/outbox/outbox.go:81.17,83.3 1 0
github.com/MamangRust/monolith-point-of-sale-pkg/outbox/outbox.go:84.2,91.66 2 0
github.com/MamangRust/monolith-point-of-sale-pkg/outbox/outbox.go:91.66,93.3 1 0
github.com/MamangRust/monolith-point-of-sale-pkg/outbox/outbox.go:94.2,95.12 2 0
github.com/MamangRust/monolith-point-of-sale-pkg/outbox/outbox.go:102.85,103.39 1 0
github.com/MamangRust/monolith-point-of-sale-pkg/outbox/outbox.go:103.39,105.3 1 0
github.com/MamangRust/monolith-point-of-sale-pkg/outbox/outbox.go:111.2,112.67 2 0
github.com/MamangRust/monolith-point-of-sale-pkg/outbox/outbox.go:112.67,117.36 1 0
github.com/MamangRust/monolith-point-of-sale-pkg/outbox/outbox.go:117.36,119.4 1 0
github.com/MamangRust/monolith-point-of-sale-pkg/outbox/outbox.go:120.3,120.23 1 0
github.com/MamangRust/monolith-point-of-sale-pkg/outbox/outbox.go:120.23,122.4 1 0
github.com/MamangRust/monolith-point-of-sale-pkg/outbox/outbox.go:123.3,124.32 2 0
github.com/MamangRust/monolith-point-of-sale-pkg/outbox/outbox.go:124.32,126.4 1 0
github.com/MamangRust/monolith-point-of-sale-pkg/outbox/outbox.go:127.3,129.69 1 0
github.com/MamangRust/monolith-point-of-sale-pkg/outbox/outbox.go:131.2,131.16 1 0
github.com/MamangRust/monolith-point-of-sale-pkg/outbox/outbox.go:131.16,133.3 1 0
github.com/MamangRust/monolith-point-of-sale-pkg/outbox/outbox.go:135.2,136.31 2 0
github.com/MamangRust/monolith-point-of-sale-pkg/outbox/outbox.go:136.31,137.98 1 0
github.com/MamangRust/monolith-point-of-sale-pkg/outbox/outbox.go:137.98,144.50 2 0
github.com/MamangRust/monolith-point-of-sale-pkg/outbox/outbox.go:144.50,147.49 1 0
github.com/MamangRust/monolith-point-of-sale-pkg/outbox/outbox.go:147.49,149.6 1 0
github.com/MamangRust/monolith-point-of-sale-pkg/outbox/outbox.go:150.5,150.13 1 0
github.com/MamangRust/monolith-point-of-sale-pkg/outbox/outbox.go:152.4,158.26 2 0
github.com/MamangRust/monolith-point-of-sale-pkg/outbox/outbox.go:158.26,160.5 1 0
github.com/MamangRust/monolith-point-of-sale-pkg/outbox/outbox.go:161.4,161.12 1 0
github.com/MamangRust/monolith-point-of-sale-pkg/outbox/outbox.go:163.3,165.52 1 0
github.com/MamangRust/monolith-point-of-sale-pkg/outbox/outbox.go:165.52,167.12 2 0
github.com/MamangRust/monolith-point-of-sale-pkg/outbox/outbox.go:169.3,169.14 1 0
github.com/MamangRust/monolith-point-of-sale-pkg/outbox/outbox.go:171.2,171.23 1 0
github.com/MamangRust/monolith-point-of-sale-pkg/outbox/outbox.go:175.87,179.6 4 0
github.com/MamangRust/monolith-point-of-sale-pkg/outbox/outbox.go:179.6,180.10 1 0
github.com/MamangRust/monolith-point-of-sale-pkg/outbox/outbox.go:181.21,183.10 2 0
github.com/MamangRust/monolith-point-of-sale-pkg/outbox/outbox.go:184.19,185.58 1 0
github.com/MamangRust/monolith-point-of-sale-pkg/outbox/outbox.go:185.58,187.5 1 0
github.com/MamangRust/monolith-point-of-sale-pkg/outbox/outbox.go:188.4,192.48 2 0
github.com/MamangRust/monolith-point-of-sale-pkg/outbox/outbox.go:192.48,196.28 2 0
github.com/MamangRust/monolith-point-of-sale-pkg/outbox/outbox.go:196.28,198.6 1 0
github.com/MamangRust/monolith-point-of-sale-pkg/outbox/outbox.go:198.11,198.39 1 0
github.com/MamangRust/monolith-point-of-sale-pkg/outbox/outbox.go:198.39,200.6 1 0
github.com/MamangRust/monolith-point-of-sale-pkg/utils/barcode.go:12.42,14.44 2 3
github.com/MamangRust/monolith-point-of-sale-pkg/utils/barcode.go:14.44,15.20 1 5
github.com/MamangRust/monolith-point-of-sale-pkg/utils/barcode.go:15.20,17.4 1 5
github.com/MamangRust/monolith-point-of-sale-pkg/utils/barcode.go:19.2,19.24 1 3
github.com/MamangRust/monolith-point-of-sale-pkg/utils/barcode.go:19.24,21.3 1 1
github.com/MamangRust/monolith-point-of-sale-pkg/utils/barcode.go:23.2,28.49 4 3
github.com/MamangRust/monolith-point-of-sale-pkg/utils/slug.go:10.39,18.19 6 2
github.com/MamangRust/monolith-point-of-sale-pkg/utils/slug.go:18.19,20.3 1 8
github.com/MamangRust/monolith-point-of-sale-pkg/utils/slug.go:21.2,23.35 2 2
github.com/MamangRust/monolith-point-of-sale-pkg/resilience/circuit_breaker.go:24.109,31.2 1 5
github.com/MamangRust/monolith-point-of-sale-pkg/resilience/circuit_breaker.go:33.41,35.2 1 21
github.com/MamangRust/monolith-point-of-sale-pkg/resilience/circuit_breaker.go:37.52,39.2 1 3
github.com/MamangRust/monolith-point-of-sale-pkg/resilience/circuit_breaker.go:41.52,43.2 1 0
github.com/MamangRust/monolith-point-of-sale-pkg/resilience/circuit_breaker.go:45.53,46.18 1 4
github.com/MamangRust/monolith-point-of-sale-pkg/resilience/circuit_breaker.go:46.18,48.3 1 2
github.com/MamangRust/monolith-point-of-sale-pkg/resilience/circuit_breaker.go:50.2,54.39 4 2
github.com/MamangRust/monolith-point-of-sale-pkg/resilience/circuit_breaker.go:54.39,58.39 3 1
github.com/MamangRust/monolith-point-of-sale-pkg/resilience/circuit_breaker.go:58.39,60.4 1 1
github.com/MamangRust/monolith-point-of-sale-pkg/resilience/circuit_breaker.go:62.3,62.40 1 0
github.com/MamangRust/monolith-point-of-sale-pkg/resilience/circuit_breaker.go:62.40,65.4 2 0
github.com/MamangRust/monolith-point-of-sale-pkg/resilience/circuit_breaker.go:67.3,67.15 1 0
github.com/MamangRust/monolith-point-of-sale-pkg/resilience/circuit_breaker.go:70.2,70.14 1 1
github.com/MamangRust/monolith-point-of-sale-pkg/resilience/circuit_breaker.go:73.43,76.54 2 6
github.com/MamangRust/monolith-point-of-sale-pkg/resilience/circuit_breaker.go:76.54,78.3 1 1
github.com/MamangRust/monolith-point-of-sale-pkg/resilience/circuit_breaker.go:80.2,80.41 1 6
github.com/MamangRust/monolith-point-of-sale-pkg/resilience/circuit_breaker.go:83.43,86.43 2 8
github.com/MamangRust/monolith-point-of-sale-pkg/resilience/circuit_breaker.go:86.43,88.3 1 3
github.com/MamangRust/monolith-point-of-sale-pkg/resilience/circuit_breaker.go:91.41,99.2 6 3
github.com/MamangRust/monolith-point-of-sale-pkg/resilience/circuit_breaker.go:101.42,106.2 4 2
github.com/MamangRust/monolith-point-of-sale-pkg/resilience/circuit_breaker.go:108.35,110.2 1 1
github.com/MamangRust/monolith-point-of-sale-pkg/resilience/load_monitor.go:24.36,30.2 1 4
github.com/MamangRust/monolith-point-of-sale-pkg/resilience/load_monitor.go:32.66,38.2 1 1
github.com/MamangRust/monolith-point-of-sale-pkg/resilience/load_monitor.go:40.40,42.2 1 120
github.com/MamangRust/monolith-point-of-sale-pkg/resilience/load_monitor.go:44.47,54.17 8 103
github.com/MamangRust/monolith-point-of-sale-pkg/resilience/load_monitor.go:54.17,56.3 1 103
github.com/MamangRust/monolith-point-of-sale-pkg/resilience/load_monitor.go:58.2,65.26 3 103
github.com/MamangRust/monolith-point-of-sale-pkg/resilience/load_monitor.go:65.26,67.3 1 40
github.com/MamangRust/monolith-point-of-sale-pkg/resilience/load_monitor.go:68.2,70.12 2 103
github.com/MamangRust/monolith-point-of-sale-pkg/resilience/load_monitor.go:73.49,75.2 1 2
github.com/MamangRust/monolith-point-of-sale-pkg/resilience/load_monitor.go:77.70,81.26 3 2
github.com/MamangRust/monolith-point-of-sale-pkg/resilience/load_monitor.go:81.26,83.3 1 1
github.com/MamangRust/monolith-point-of-sale-pkg/resilience/load_monitor.go:85.2,89.44 4 1
github.com/MamangRust/monolith-point-of-sale-pkg/resilience/load_monitor.go:89.44,90.45 1 1
github.com/MamangRust/monolith-point-of-sale-pkg/resilience/load_monitor.go:90.45,91.9 1 0
github.com/MamangRust/monolith-point-of-sale-pkg/resilience/load_monitor.go:93.3,94.10 2 1
github.com/MamangRust/monolith-point-of-sale-pkg/resilience/load_monitor.go:97.2,97.16 1 1
github.com/MamangRust/monolith-point-of-sale-pkg/resilience/load_monitor.go:97.16,99.3 1 0
github.com/MamangRust/monolith-point-of-sale-pkg/resilience/load_monitor.go:101.2,101.40 1 1
github.com/MamangRust/monolith-point-of-sale-pkg/resilience/load_monitor.go:104.66,108.26 3 2
github.com/MamangRust/monolith-point-of-sale-pkg/resilience/load_monitor.go:108.26,110.3 1 1
github.com/MamangRust/monolith-point-of-sale-pkg/resilience/load_monitor.go:112.2,115.44 3 1
github.com/MamangRust/monolith-point-of-sale-pkg/resilience/load_monitor.go:115.44,116.45 1 1
github.com/MamangRust/monolith-point-of-sale-pkg/resilience/load_monitor.go:116.45,117.9 1 0
github.com/MamangRust/monolith-point-of-sale-pkg/resilience/load_monitor.go:119.3,119.31 1 1
github.com/MamangRust/monolith-point-of-sale-pkg/resilience/load_monitor.go:119.31,121.4 1 1
github.com/MamangRust/monolith-point-of-sale-pkg/resilience/load_monitor.go:124.2,124.13 1 1
github.com/MamangRust/monolith-point-of-sale-pkg/resilience/load_monitor.go:127.52,134.2 5 0
github.com/MamangRust/monolith-point-of-sale-pkg/resilience/load_monitor.go:136.32,145.2 7 0
github.com/MamangRust/monolith-point-of-sale-pkg/resilience/request_limiter.go:18.92,19.24 1 4
github.com/MamangRust/monolith-point-of-sale-pkg/resilience/request_limiter.go:19.24,22.3 2 1
github.com/MamangRust/monolith-point-of-sale-pkg/resilience/request_limiter.go:24.2,28.3 1 4
github.com/MamangRust/monolith-point-of-sale-pkg/resilience/request_limiter.go:31.45,32.32 1 5
github.com/MamangRust/monolith-point-of-sale-pkg/resilience/request_limiter.go:32.32,35.3 2 4
github.com/MamangRust/monolith-point-of-sale-pkg/resilience/request_limiter.go:36.2,36.14 1 1
github.com/MamangRust/monolith-point-of-sale-pkg/resilience/request_limiter.go:39.37,42.21 2 3
github.com/MamangRust/monolith-point-of-sale-pkg/resilience/request_limiter.go:42.21,50.3 3 2
github.com/MamangRust/monolith-point-of-sale-pkg/resilience/request_limiter.go:52.2,52.25 1 1
github.com/MamangRust/monolith-point-of-sale-pkg/resilience/request_limiter.go:55.52,57.2 1 2
github.com/MamangRust/monolith-point-of-sale-pkg/resilience/request_limiter.go:59.49,61.2 1 1
github.com/MamangRust/monolith-point-of-sale-pkg/resilience/request_limiter.go:63.44,65.2 1 0
github.com/MamangRust/monolith-point-of-sale-pkg/hash/hash.go:21.40,23.2 1 3
github.com/MamangRust/monolith-point-of-sale-pkg/hash/hash.go:25.64,28.16 3 4
github.com/MamangRust/monolith-point-of-sale-pkg/hash/hash.go:28.16,30.3 1 0
github.com/MamangRust/monolith-point-of-sale-pkg/hash/hash.go:31.2,31.30 1 4
github.com/MamangRust/monolith-point-of-sale-pkg/hash/hash.go:34.78,36.2 1 2
